    Updating crates.io index
 Downloading crates ...
  Downloaded as-raw-xcb-connection v1.0.1
  Downloaded as-slice v0.2.1
  Downloaded dirs-sys v0.5.0
  Downloaded dirs v6.0.0
  Downloaded endi v1.1.1
  Downloaded libloading v0.8.9
  Downloaded khronos-egl v6.0.0
  Downloaded litrs v1.0.0
  Downloaded log-mdc v0.1.0
  Downloaded renderdoc-sys v1.1.0
  Downloaded libm v0.2.15
  Downloaded num-integer v0.1.46
  Downloaded num-rational v0.4.2
  Downloaded thiserror-impl v1.0.69
  Downloaded urlencoding v2.1.3
  Downloaded wayland-client v0.31.12
  Downloaded wgpu-core-deps-windows-linux-android v27.0.0
  Downloaded rustix v1.1.3
  Downloaded tower-http v0.6.8
  Downloaded tower v0.5.3
  Downloaded tracing v0.1.44
  Downloaded num-bigint v0.4.6
  Downloaded tracing-attributes v0.1.31
  Downloaded zune-core v0.4.12
  Downloaded zune-core v0.5.1
  Downloaded zvariant_derive v5.9.1
  Downloaded zvariant_utils v3.3.0
  Downloaded zerovec-derive v0.11.2
  Downloaded rand v0.10.0
  Downloaded zerocopy-derive v0.8.33
  Downloaded zerovec v0.11.5
  Downloaded rayon v1.11.0
  Downloaded zvariant v5.9.1
  Downloaded zerotrie v0.2.3
  Downloaded regex-automata v0.4.13
  Downloaded regex-syntax v0.8.8
  Downloaded zune-jpeg v0.5.9
  Downloaded zune-jpeg v0.4.21
  Downloaded zerocopy v0.8.33
  Downloaded regex v1.12.2
  Downloaded vcpkg v0.2.15
  Downloaded x11-dl v2.21.0
  Downloaded winnow v0.7.14
  Downloaded wgpu v27.0.1
  Downloaded xkeysym v0.2.1
  Downloaded wgpu-types v27.0.1
  Downloaded wayland-protocols-plasma v0.3.10
  Downloaded wayland-protocols v0.32.10
  Downloaded serde_json v1.0.149
  Downloaded x11rb v0.13.2
  Downloaded serde v1.0.228
  Downloaded ring v0.17.14
  Downloaded rayon-core v1.13.0
  Downloaded rav1e v0.8.1
  Downloaded wgpu-core v27.0.3
  Downloaded rand v0.9.2
  Downloaded rand v0.8.5
  Downloaded x11rb-protocol v0.13.2
  Downloaded wgpu-hal v27.0.4
  Downloaded zbus_names v4.3.1
  Downloaded zbus_macros v5.13.1
  Downloaded winit v0.30.12
  Downloaded zbus-lockstep-macros v0.5.2
  Downloaded yoke-derive v0.8.1
  Downloaded y4m v0.8.0
  Downloaded xml-rs v0.8.28
  Downloaded xkbcommon-dl v0.4.2
  Downloaded zbus v5.13.1
  Downloaded wayland-backend v0.3.12
  Downloaded pxfm v0.1.27
  Downloaded zune-inflate v0.2.54
  Downloaded zbus-lockstep v0.5.2
  Downloaded yoke v0.8.1
  Downloaded xcursor v0.3.10
  Downloaded writeable v0.6.2
  Downloaded url v2.5.8
  Downloaded unicode-width v0.2.2
  Downloaded quinn-proto v0.11.13
  Downloaded quick-xml v0.38.4
  Downloaded png v0.18.0
  Downloaded zeroize v1.8.2
  Downloaded zbus_xml v5.1.0
  Downloaded webbrowser v1.0.6
  Downloaded unicode-segmentation v1.12.0
  Downloaded typenum v1.19.0
  Downloaded ttf-parser v0.25.1
  Downloaded quinn v0.11.9
  Downloaded qoi v0.4.1
  Downloaded zmij v1.0.14
  Downloaded zerofrom-derive v0.1.6
  Downloaded zerofrom v0.1.6
  Downloaded weezl v0.1.12
  Downloaded web-time v1.1.0
  Downloaded wayland-sys v0.31.8
  Downloaded wayland-scanner v0.31.8
  Downloaded wayland-protocols-wlr v0.3.10
  Downloaded wayland-protocols-misc v0.3.10
  Downloaded wayland-protocols-experimental v20250721.0.1
  Downloaded wayland-cursor v0.31.12
  Downloaded wayland-csd-frame v0.3.0
  Downloaded wasm-bindgen-macro-support v0.2.108
  Downloaded wasm-bindgen-macro v0.2.108
  Downloaded wasm-bindgen v0.2.108
  Downloaded want v0.3.1
  Downloaded version_check v0.9.5
  Downloaded v_frame v0.3.9
  Downloaded tiff v0.10.3
  Downloaded nom v8.0.0
  Downloaded naga v27.0.3
  Downloaded moxcms v0.7.11
  Downloaded mio v1.1.1
  Downloaded memchr v2.7.6
  Downloaded tokio v1.49.0
  Downloaded miniz_oxide v0.8.9
  Downloaded aws-lc-sys v0.36.0
  Downloaded libsqlite3-sys v0.35.0
  Downloaded log4rs v1.4.0
  Downloaded linux-raw-sys v0.11.0
  Downloaded toml_edit v0.23.10+spec-1.0.0
  Downloaded tiny-skia v0.11.4
  Downloaded time v0.3.47
  Downloaded syn v2.0.114
  Downloaded serde_derive v1.0.228
  Downloaded serde_core v1.0.228
  Downloaded serde-value v0.7.0
  Downloaded semver v1.0.27
  Downloaded tokio-util v0.7.18
  Downloaded smithay-client-toolkit v0.20.0
  Downloaded smithay-client-toolkit v0.19.2
  Downloaded rgb v0.8.52
  Downloaded rustc_version v0.4.1
  Downloaded rustc-hash v2.1.1
  Downloaded rustc-hash v1.1.0
  Downloaded rstar v0.12.2
  Downloaded raw-window-handle v0.6.2
  Downloaded ravif v0.12.0
  Downloaded rustls-webpki v0.103.9
  Downloaded rustls v0.23.36
  Downloaded rustix v0.38.44
  Downloaded rand_core v0.10.0
  Downloaded rand_core v0.9.5
  Downloaded rand_core v0.6.4
  Downloaded rand_chacha v0.9.0
  Downloaded r2d2 v0.8.10
  Downloaded quote v1.0.43
  Downloaded quinn-udp v0.5.14
  Downloaded wasm-bindgen-shared v0.2.108
  Downloaded uuid v1.19.0
  Downloaded utf8_iter v1.0.4
  Downloaded untrusted v0.9.0
  Downloaded unsafe-libyaml v0.2.11
  Downloaded unicode-xid v0.2.6
  Downloaded unicode-ident v1.0.22
  Downloaded scc v2.4.0
  Downloaded polling v3.11.0
  Downloaded unsafe-any-ors v1.0.0
  Downloaded unicase v2.9.0
  Downloaded typemap-ors v1.0.0
  Downloaded type-map v0.5.1
  Downloaded try-lock v0.2.5
  Downloaded tracing-core v0.1.36
  Downloaded tower-service v0.3.3
  Downloaded tower-layer v0.3.3
  Downloaded toml_parser v1.0.6+spec-1.1.0
  Downloaded toml_datetime v0.7.5+spec-1.1.0
  Downloaded toml v0.9.11+spec-1.1.0
  Downloaded tokio-rustls v0.26.4
  Downloaded tokio-macros v2.6.0
  Downloaded tinyvec_macros v0.1.1
  Downloaded tinyvec v1.10.0
  Downloaded tinystr v0.8.2
  Downloaded tiny-skia-path v0.11.4
  Downloaded time-macros v0.2.27
  Downloaded time-core v0.1.8
  Downloaded thread-id v5.1.0
  Downloaded thiserror-impl v2.0.17
  Downloaded thiserror v2.0.17
  Downloaded synstructure v0.13.2
  Downloaded sync_wrapper v1.0.2
  Downloaded subtle v2.6.1
  Downloaded stringmetrics v2.2.2
  Downloaded stable_deref_trait v1.2.1
  Downloaded spirv v0.3.0+sdk-1.3.268.0
  Downloaded smallvec v1.15.1
  Downloaded slab v0.4.11
  Downloaded siphasher v1.0.1
  Downloaded similar v2.7.0
  Downloaded serial_test_derive v3.3.1
  Downloaded serde_spanned v1.0.4
  Downloaded quick-error v2.0.1
  Downloaded profiling-procmacros v1.0.17
  Downloaded profiling v1.0.17
  Downloaded proc-macro2 v1.0.105
  Downloaded potential_utf v0.1.4
  Downloaded pollster v0.4.0
  Downloaded pkg-config v0.3.32
  Downloaded piper v0.2.4
  Downloaded phf_generator v0.11.3
  Downloaded phf v0.11.3
  Downloaded paste v1.0.15
  Downloaded thiserror v1.0.69
  Downloaded termcolor v1.4.1
  Downloaded tabwriter v1.4.1
  Downloaded strsim v0.11.1
  Downloaded strict-num v0.1.1
  Downloaded static_assertions v1.1.0
  Downloaded socket2 v0.6.1
  Downloaded smol_str v0.2.2
  Downloaded smithay-clipboard v0.7.3
  Downloaded simd_helpers v0.1.0
  Downloaded simd-adler32 v0.3.8
  Downloaded signal-hook-registry v1.4.8
  Downloaded shlex v1.3.0
  Downloaded sha1 v0.10.6
  Downloaded serial_test v3.3.1
  Downloaded serde_yaml v0.9.34+deprecated
  Downloaded serde_repr v0.1.20
  Downloaded serde_regex v1.1.0
  Downloaded sdd v3.0.10
  Downloaded sctk-adwaita v0.10.1
  Downloaded scopeguard v1.2.0
  Downloaded scoped-tls v1.0.1
  Downloaded scheduled-thread-pool v0.2.7
  Downloaded ryu v1.0.22
  Downloaded rustversion v1.0.22
  Downloaded rustls-platform-verifier v0.6.2
  Downloaded rustls-pki-types v1.14.0
  Downloaded rustls-native-certs v0.8.3
  Downloaded reqwest v0.13.2
  Downloaded proc-macro-crate v3.4.0
  Downloaded ppv-lite86 v0.2.21
  Downloaded powerfmt v0.2.0
  Downloaded pin-utils v0.1.0
  Downloaded pin-project-lite v0.2.16
  Downloaded phf_shared v0.11.3
  Downloaded phf_macros v0.11.3
  Downloaded percent-encoding v2.3.2
  Downloaded path-tree v0.8.3
  Downloaded pastey v0.1.1
  Downloaded parking_lot_core v0.9.12
  Downloaded parking_lot v0.12.5
  Downloaded parking v2.2.1
  Downloaded owned_ttf_parser v0.25.1
  Downloaded ordered-stream v0.2.0
  Downloaded ordered-float v5.1.0
  Downloaded ordered-float v2.10.1
  Downloaded option-ext v0.2.0
  Downloaded openssl-probe v0.2.0
  Downloaded once_cell v1.21.3
  Downloaded httpmock v0.8.3
  Downloaded encoding_rs v0.8.35
  Downloaded num-derive v0.4.2
  Downloaded mime_guess2 v2.3.1
  Downloaded migrations_macros v2.3.0
  Downloaded migrations_internals v2.3.0
  Downloaded memoffset v0.9.1
  Downloaded memmap2 v0.9.9
  Downloaded maybe-rayon v0.1.1
  Downloaded lru-slab v0.1.2
  Downloaded loop9 v0.1.5
  Downloaded linux-raw-sys v0.4.15
  Downloaded libc v0.2.180
  Downloaded khronos_api v3.1.0
  Downloaded epaint_default_fonts v0.33.3
  Downloaded egui-phosphor v0.11.0
  Downloaded num-conv v0.2.0
  Downloaded noop_proc_macro v0.3.0
  Downloaded nohash-hasher v0.2.0
  Downloaded new_debug_unreachable v1.0.6
  Downloaded mock_instant v0.6.0
  Downloaded mime v0.3.17
  Downloaded image v0.25.9
  Downloaded exr v1.74.0
  Downloaded egui v0.33.3
  Downloaded itertools v0.14.0
  Downloaded iri-string v0.7.10
  Downloaded indexmap v2.13.0
  Downloaded idna v1.1.0
  Downloaded icu_properties_data v2.1.2
  Downloaded icu_normalizer_data v2.1.1
  Downloaded icu_collections v2.1.1
  Downloaded hyper-util v0.1.19
  Downloaded hyper v1.8.1
  Downloaded http v1.4.0
  Downloaded heapless v0.8.0
  Downloaded headers v0.4.1
  Downloaded hashbrown v0.16.1
  Downloaded hashbrown v0.15.5
  Downloaded h2 v0.4.13
  Downloaded glow v0.16.0
  Downloaded futures-util v0.3.31
  Downloaded epaint v0.33.3
  Downloaded num-traits v0.2.19
  Downloaded imgref v1.12.0
  Downloaded image-webp v0.2.4
  Downloaded icu_provider v2.1.1
  Downloaded icu_properties v2.1.2
  Downloaded icu_normalizer v2.1.1
  Downloaded icu_locale_core v2.1.1
  Downloaded iana-time-zone v0.1.64
  Downloaded hyper-rustls v0.27.7
  Downloaded httparse v1.10.1
  Downloaded half v2.7.1
  Downloaded glutin v0.32.3
  Downloaded gif v0.14.1
  Downloaded getrandom v0.4.1
  Downloaded getrandom v0.3.4
  Downloaded getrandom v0.2.17
  Downloaded futures-lite v2.6.1
  Downloaded futures-channel v0.3.31
  Downloaded foldhash v0.1.5
  Downloaded flate2 v1.1.8
  Downloaded find-msvc-tools v0.1.8
  Downloaded event-listener v5.4.1
  Downloaded log v0.4.29
  Downloaded lock_api v0.4.14
  Downloaded litemap v0.8.1
  Downloaded ipnet v2.11.0
  Downloaded humantime v2.3.0
  Downloaded http-body-util v0.1.3
  Downloaded http-body v1.0.1
  Downloaded hexf-parse v0.2.1
  Downloaded headers-core v0.3.0
  Downloaded hash32 v0.3.1
  Downloaded gpu-descriptor-types v0.2.0
  Downloaded gpu-descriptor v0.3.2
  Downloaded gl_generator v0.14.0
  Downloaded gethostname v1.1.0
  Downloaded generic-array v0.14.7
  Downloaded futures-timer v3.0.3
  Downloaded futures-task v0.3.31
  Downloaded futures-sink v0.3.31
  Downloaded futures-macro v0.3.31
  Downloaded futures-executor v0.3.31
  Downloaded futures-core v0.3.31
  Downloaded fs_extra v1.3.0
  Downloaded form_urlencoded v1.2.2
  Downloaded foldhash v0.2.0
  Downloaded fnv v1.0.7
  Downloaded fdeflate v0.3.7
  Downloaded fastrand v2.3.0
  Downloaded errno v0.3.14
  Downloaded equivalent v1.0.2
  Downloaded equator-macro v0.4.2
  Downloaded equator v0.4.2
  Downloaded enumflags2_derive v0.7.12
  Downloaded enumflags2 v0.7.12
  Downloaded enum-map-derive v0.17.0
  Downloaded emath v0.33.3
  Downloaded egui_glow v0.33.3
  Downloaded egui_extras v0.33.3
  Downloaded egui-winit v0.33.3
  Downloaded egui-wgpu v0.33.3
  Downloaded eframe v0.33.3
  Downloaded csv v1.4.0
  Downloaded idna_adapter v1.2.1
  Downloaded ident_case v1.0.1
  Downloaded httpdate v1.0.3
  Downloaded hex v0.4.3
  Downloaded heck v0.5.0
  Downloaded gpu-alloc-types v0.3.0
  Downloaded gpu-alloc v0.6.0
  Downloaded glutin_egl_sys v0.7.1
  Downloaded glutin-winit v0.5.0
  Downloaded futures-io v0.3.31
  Downloaded fax_derive v0.2.0
  Downloaded fax v0.2.6
  Downloaded event-listener-strategy v0.5.4
  Downloaded either v1.15.0
  Downloaded dotenv v0.15.0
  Downloaded diesel v2.3.6
  Downloaded chrono v0.4.43
  Downloaded aws-lc-rs v1.15.3
  Downloaded av-scenechange v0.14.1
  Downloaded ash v0.38.0+1.3.281
  Downloaded jobserver v0.1.34
  Downloaded itoa v1.0.17
  Downloaded glutin_glx_sys v0.6.1
  Downloaded enum-map v2.7.3
  Downloaded diesel_derives v2.3.6
  Downloaded derive_more-impl v2.1.1
  Downloaded derive_more v2.1.1
  Downloaded darling_core v0.21.3
  Downloaded cc v1.2.53
  Downloaded calloop v0.14.3
  Downloaded calloop v0.13.0
  Downloaded bytes v1.11.1
  Downloaded bumpalo v3.19.1
  Downloaded base64 v0.22.1
  Downloaded av1-grain v0.2.5
  Downloaded atspi-common v0.9.0
  Downloaded async-lock v3.4.2
  Downloaded async-io v2.6.0
  Downloaded aho-corasick v1.1.4
  Downloaded lebe v0.5.3
  Downloaded ecolor v0.33.3
  Downloaded dunce v1.0.5
  Downloaded displaydoc v0.2.5
  Downloaded darling v0.21.3
  Downloaded crossbeam-utils v0.8.21
  Downloaded crossbeam-epoch v0.9.18
  Downloaded crossbeam-deque v0.8.6
  Downloaded crc32fast v1.5.0
  Downloaded core2 v0.4.0
  Downloaded console v0.16.2
  Downloaded codespan-reporting v0.12.0
  Downloaded chacha20 v0.10.0
  Downloaded bytemuck_derive v1.10.2
  Downloaded bytemuck v1.24.0
  Downloaded built v0.8.0
  Downloaded bitstream-io v4.9.0
  Downloaded bitflags v2.10.0
  Downloaded autocfg v1.5.0
  Downloaded atspi-proxies v0.9.0
  Downloaded atspi-connection v0.9.0
  Downloaded atspi v0.25.0
  Downloaded async-trait v0.1.89
  Downloaded async-task v4.7.1
  Downloaded async-signal v0.2.13
  Downloaded async-process v2.5.0
  Downloaded async-executor v1.13.3
  Downloaded async-channel v2.5.0
  Downloaded async-broadcast v0.7.2
  Downloaded assert-json-diff v2.0.2
  Downloaded arc-swap v1.8.0
  Downloaded arboard v3.6.1
  Downloaded anyhow v1.0.100
  Downloaded ahash v0.8.12
  Downloaded accesskit_winit v0.29.2
  Downloaded accesskit_consumer v0.31.0
  Downloaded accesskit v0.21.1
  Downloaded dsl_auto_type v0.2.0
  Downloaded dpi v0.1.2
  Downloaded downcast-rs v2.0.2
  Downloaded downcast-rs v1.2.1
  Downloaded document-features v0.2.12
  Downloaded dlib v0.5.2
  Downloaded digest v0.10.7
  Downloaded diesel_table_macro_syntax v0.3.0
  Downloaded diesel_migrations v2.3.1
  Downloaded deranged v0.5.5
  Downloaded cursor-icon v1.2.0
  Downloaded csv-core v0.1.13
  Downloaded crypto-common v0.1.7
  Downloaded cpufeatures v0.3.0
  Downloaded concurrent-queue v2.5.0
  Downloaded color_quant v1.1.0
  Downloaded cmake v0.1.57
  Downloaded byteorder v1.5.0
  Downloaded blocking v1.6.2
  Downloaded bit-vec v0.8.0
  Downloaded bit-set v0.8.0
  Downloaded avif-serialize v0.8.6
  Downloaded atomic-waker v1.1.2
  Downloaded arrayvec v0.7.6
  Downloaded accesskit_unix v0.17.2
  Downloaded destructure_traitobject v0.2.0
  Downloaded darling_macro v0.21.3
  Downloaded cfg-if v1.0.4
  Downloaded calloop-wayland-source v0.3.0
  Downloaded async-object-pool v0.2.0
  Downloaded cpufeatures v0.2.17
  Downloaded cfg_aliases v0.2.1
  Downloaded calloop-wayland-source v0.4.1
  Downloaded byteorder-lite v0.1.0
  Downloaded block-buffer v0.10.4
  Downloaded bit_field v0.10.3
  Downloaded accesskit_atspi_common v0.14.2
  Downloaded ab_glyph_rasterizer v0.1.10
  Downloaded ab_glyph v0.2.32
  Downloaded arrayref v0.3.9
  Downloaded arg_enum_proc_macro v0.3.4
  Downloaded aligned-vec v0.6.4
  Downloaded aligned v0.4.3
  Downloaded adler2 v2.0.1
   Compiling proc-macro2 v1.0.105
   Compiling unicode-ident v1.0.22
   Compiling quote v1.0.43
   Compiling libc v0.2.180
   Compiling serde_core v1.0.228
   Compiling cfg-if v1.0.4
   Compiling bitflags v2.10.0
   Compiling once_cell v1.21.3
   Compiling memchr v2.7.6
   Compiling syn v2.0.114
   Compiling smallvec v1.15.1
   Compiling autocfg v1.5.0
   Compiling pin-project-lite v0.2.16
   Compiling serde v1.0.228
   Compiling log v0.4.29
   Compiling jobserver v0.1.34
   Compiling find-msvc-tools v0.1.8
   Compiling shlex v1.3.0
   Compiling cc v1.2.53
   Compiling equivalent v1.0.2
   Compiling rustix v1.1.3
   Compiling linux-raw-sys v0.11.0
   Compiling crossbeam-utils v0.8.21
   Compiling slab v0.4.11
   Compiling pkg-config v0.3.32
   Compiling futures-core v0.3.31
   Compiling libloading v0.8.9
   Compiling parking_lot_core v0.9.12
   Compiling winnow v0.7.14
   Compiling scopeguard v1.2.0
   Compiling libm v0.2.15
   Compiling lock_api v0.4.14
   Compiling num-traits v0.2.19
   Compiling parking_lot v0.12.5
   Compiling serde_derive v1.0.228
   Compiling zerocopy v0.8.33
   Compiling zerocopy-derive v0.8.33
   Compiling toml_parser v1.0.6+spec-1.1.0
   Compiling toml_datetime v0.7.5+spec-1.1.0
   Compiling stable_deref_trait v1.2.1
   Compiling futures-io v0.3.31
   Compiling cfg_aliases v0.2.1
   Compiling bytemuck_derive v1.10.2
   Compiling quick-xml v0.38.4
   Compiling bytemuck v1.24.0
   Compiling polling v3.11.0
   Compiling tracing-attributes v0.1.31
   Compiling dlib v0.5.2
   Compiling wayland-sys v0.31.8
   Compiling errno v0.3.14
   Compiling tracing-core v0.1.36
   Compiling hashbrown v0.16.1
   Compiling indexmap v2.13.0
   Compiling signal-hook-registry v1.4.8
   Compiling tracing v0.1.44
   Compiling version_check v0.9.5
   Compiling parking v2.2.1
   Compiling enumflags2_derive v0.7.12
   Compiling toml_edit v0.23.10+spec-1.0.0
   Compiling concurrent-queue v2.5.0
   Compiling wayland-backend v0.3.12
   Compiling zvariant_utils v3.3.0
   Compiling synstructure v0.13.2
   Compiling downcast-rs v1.2.1
   Compiling scoped-tls v1.0.1
   Compiling proc-macro-crate v3.4.0
   Compiling endi v1.1.1
   Compiling wayland-client v0.31.12
   Compiling arrayvec v0.7.6
   Compiling thiserror v2.0.17
   Compiling zerofrom-derive v0.1.6
   Compiling zvariant_derive v5.9.1
   Compiling wayland-scanner v0.31.8
   Compiling thiserror-impl v2.0.17
   Compiling yoke-derive v0.8.1
   Compiling zerofrom v0.1.6
   Compiling event-listener v5.4.1
   Compiling atomic-waker v1.1.2
   Compiling getrandom v0.3.4
   Compiling event-listener-strategy v0.5.4
   Compiling profiling-procmacros v1.0.17
   Compiling yoke v0.8.1
   Compiling fastrand v2.3.0
   Compiling itoa v1.0.17
   Compiling foldhash v0.2.0
   Compiling futures-sink v0.3.31
   Compiling profiling v1.0.17
   Compiling enumflags2 v0.7.12
   Compiling bytes v1.11.1
   Compiling zerovec-derive v0.11.2
   Compiling zvariant v5.9.1
   Compiling zerovec v0.11.5
   Compiling futures-lite v2.6.1
   Compiling displaydoc v0.2.5
   Compiling wayland-protocols v0.32.10
   Compiling async-io v2.6.0
   Compiling percent-encoding v2.3.2
   Compiling ttf-parser v0.25.1
   Compiling zbus_names v4.3.1
   Compiling thiserror v1.0.69
   Compiling fnv v1.0.7
   Compiling pin-utils v0.1.0
   Compiling async-lock v3.4.2
   Compiling owned_ttf_parser v0.25.1
   Compiling ahash v0.8.12
   Compiling thiserror-impl v1.0.69
   Compiling futures-macro v0.3.31
   Compiling futures-task v0.3.31
   Compiling foldhash v0.1.5
   Compiling ab_glyph_rasterizer v0.1.10
   Compiling async-task v4.7.1
   Compiling ab_glyph v0.2.32
   Compiling futures-util v0.3.31
   Compiling hashbrown v0.15.5
   Compiling tinystr v0.8.2
   Compiling async-channel v2.5.0
   Compiling half v2.7.1
   Compiling crossbeam-epoch v0.9.18
   Compiling cmake v0.1.57
   Compiling khronos_api v3.1.0
   Compiling rustix v0.38.44
   Compiling rayon-core v1.13.0
   Compiling litemap v0.8.1
   Compiling dunce v1.0.5
   Compiling fs_extra v1.3.0
   Compiling writeable v0.6.2
   Compiling crossbeam-deque v0.8.6
   Compiling icu_locale_core v2.1.1
   Compiling aws-lc-sys v0.36.0
   Compiling async-signal v0.2.13
   Compiling zbus_xml v5.1.0
   Compiling zerotrie v0.2.3
   Compiling potential_utf v0.1.4
   Compiling http v1.4.0
   Compiling piper v0.2.4
   Compiling equator-macro v0.4.2
   Compiling async-trait v0.1.89
   Compiling tokio-macros v2.6.0
   Compiling mio v1.1.1
   Compiling socket2 v0.6.1
   Compiling linux-raw-sys v0.4.15
   Compiling icu_properties_data v2.1.2
   Compiling unicode-width v0.2.2
   Compiling anyhow v1.0.100
   Compiling cursor-icon v1.2.0
   Compiling static_assertions v1.1.0
   Compiling xkeysym v0.2.1
   Compiling accesskit v0.21.1
   Compiling icu_normalizer_data v2.1.1
   Compiling simd-adler32 v0.3.8
   Compiling xcursor v0.3.10
   Compiling raw-window-handle v0.6.2
   Compiling wayland-cursor v0.31.12
   Compiling wayland-csd-frame v0.3.0
   Compiling tokio v1.49.0
   Compiling equator v0.4.2
   Compiling blocking v1.6.2
   Compiling icu_collections v2.1.1
   Compiling icu_provider v2.1.1
   Compiling zbus-lockstep v0.5.2
   Compiling async-process v2.5.0
   Compiling async-executor v1.13.3
   Compiling wayland-protocols-wlr v0.3.10
   Compiling zbus_macros v5.13.1
   Compiling async-broadcast v0.7.2
   Compiling num-integer v0.1.46
   Compiling serde_repr v0.1.20
   Compiling ordered-stream v0.2.0
   Compiling x11-dl v2.21.0
   Compiling uuid v1.19.0
   Compiling memmap2 v0.9.9
   Compiling either v1.15.0
   Compiling hex v0.4.3
   Compiling xml-rs v0.8.28
   Compiling zbus v5.13.1
   Compiling gl_generator v0.14.0
   Compiling num-bigint v0.4.6
   Compiling calloop v0.13.0
   Compiling zbus-lockstep-macros v0.5.2
   Compiling aligned-vec v0.6.4
   Compiling emath v0.33.3
   Compiling smithay-client-toolkit v0.19.2
   Compiling adler2 v2.0.1
   Compiling strict-num v0.1.1
   Compiling zeroize v1.8.2
   Compiling aws-lc-rs v1.15.3
   Compiling crc32fast v1.5.0
   Compiling arrayref v0.3.9
   Compiling tiny-skia-path v0.11.4
   Compiling miniz_oxide v0.8.9
   Compiling ecolor v0.33.3
   Compiling icu_normalizer v2.1.1
   Compiling icu_properties v2.1.2
   Compiling v_frame v0.3.9
   Compiling num-rational v0.4.2
   Compiling atspi-common v0.9.0
   Compiling calloop-wayland-source v0.3.0
   Compiling rayon v1.11.0
   Compiling naga v27.0.3
   Compiling gethostname v1.1.0
   Compiling as-slice v0.2.1
   Compiling khronos-egl v6.0.0
   Compiling x11rb-protocol v0.13.2
   Compiling paste v1.0.15
   Compiling as-raw-xcb-connection v1.0.1
   Compiling epaint_default_fonts v0.33.3
   Compiling av-scenechange v0.14.1
   Compiling bit-vec v0.8.0
   Compiling built v0.8.0
   Compiling ash v0.38.0+1.3.281
   Compiling unicode-segmentation v1.12.0
   Compiling nohash-hasher v0.2.0
   Compiling epaint v0.33.3
   Compiling rav1e v0.8.1
   Compiling bit-set v0.8.0
   Compiling aligned v0.4.3
   Compiling idna_adapter v1.2.1
   Compiling tiny-skia v0.11.4
   Compiling rustls-pki-types v1.14.0
   Compiling codespan-reporting v0.12.0
   Compiling http-body v1.0.1
   Compiling wgpu-hal v27.0.4
   Compiling winit v0.30.12
   Compiling arg_enum_proc_macro v0.3.4
   Compiling nom v8.0.0
   Compiling core2 v0.4.0
   Compiling gpu-descriptor-types v0.2.0
   Compiling gpu-alloc-types v0.3.0
   Compiling spirv v0.3.0+sdk-1.3.268.0
   Compiling quick-error v2.0.1
   Compiling strsim v0.11.1
   Compiling rustc-hash v1.1.0
   Compiling typenum v1.19.0
   Compiling glow v0.16.0
   Compiling pastey v0.1.1
   Compiling utf8_iter v1.0.4
   Compiling ident_case v1.0.1
   Compiling httparse v1.10.1
   Compiling hexf-parse v0.2.1
   Compiling x11rb v0.13.2
   Compiling y4m v0.8.0
   Compiling zmij v1.0.14
   Compiling darling_core v0.21.3
   Compiling idna v1.1.0
   Compiling av1-grain v0.2.5
   Compiling gpu-alloc v0.6.0
   Compiling gpu-descriptor v0.3.2
   Compiling bitstream-io v4.9.0
   Compiling sctk-adwaita v0.10.1
   Compiling flate2 v1.1.8
   Compiling egui v0.33.3
   Compiling maybe-rayon v0.1.1
   Compiling atspi-proxies v0.9.0
   Compiling itertools v0.14.0
   Compiling tokio-util v0.7.18
   Compiling xkbcommon-dl v0.4.2
   Compiling wayland-protocols-plasma v0.3.10
   Compiling form_urlencoded v1.2.2
   Compiling wgpu-types v27.0.1
   Compiling generic-array v0.14.7
   Compiling ordered-float v5.1.0
   Compiling fax_derive v0.2.0
   Compiling num-derive v0.4.2
   Compiling simd_helpers v0.1.0
   Compiling weezl v0.1.12
   Compiling serde_json v1.0.149
   Compiling noop_proc_macro v0.3.0
   Compiling vcpkg v0.2.15
   Compiling smol_str v0.2.2
   Compiling untrusted v0.9.0
   Compiling renderdoc-sys v1.1.0
   Compiling imgref v1.12.0
   Compiling try-lock v0.2.5
   Compiling new_debug_unreachable v1.0.6
   Compiling httpdate v1.0.3
   Compiling tower-service v0.3.3
   Compiling unicase v2.9.0
   Compiling zune-core v0.4.12
   Compiling dpi v0.1.2
   Compiling siphasher v1.0.1
   Compiling rustls v0.23.36
   Compiling phf_shared v0.11.3
   Compiling zune-jpeg v0.4.21
   Compiling libsqlite3-sys v0.35.0
   Compiling want v0.3.1
   Compiling loop9 v0.1.5
   Compiling fax v0.2.6
   Compiling url v2.5.8
   Compiling h2 v0.4.13
   Compiling atspi-connection v0.9.0
   Compiling darling_macro v0.21.3
   Compiling glutin_egl_sys v0.7.1
   Compiling glutin_glx_sys v0.6.1
   Compiling accesskit_consumer v0.31.0
   Compiling fdeflate v0.3.7
   Compiling zune-inflate v0.2.54
   Compiling futures-channel v0.3.31
   Compiling avif-serialize v0.8.6
   Compiling calloop v0.14.3
   Compiling wgpu-core v27.0.3
   Compiling pxfm v0.1.27
   Compiling mime v0.3.17
   Compiling bit_field v0.10.3
   Compiling base64 v0.22.1
   Compiling smithay-client-toolkit v0.20.0
   Compiling color_quant v1.1.0
   Compiling byteorder-lite v0.1.0
   Compiling subtle v2.6.1
   Compiling zune-core v0.5.1
   Compiling lebe v0.5.3
   Compiling rgb v0.8.52
   Compiling litrs v1.0.0
   Compiling ravif v0.12.0
   Compiling document-features v0.2.12
   Compiling exr v1.74.0
   Compiling rustls-webpki v0.103.9
   Compiling moxcms v0.7.11
   Compiling zune-jpeg v0.5.9
   Compiling image-webp v0.2.4
   Compiling gif v0.14.1
   Compiling calloop-wayland-source v0.4.1
   Compiling hyper v1.8.1
   Compiling accesskit_atspi_common v0.14.2
   Compiling png v0.18.0
   Compiling darling v0.21.3
   Compiling atspi v0.25.0
   Compiling tiff v0.10.3
   Compiling wgpu-core-deps-windows-linux-android v27.0.0
   Compiling phf v0.11.3
   Compiling wayland-protocols-misc v0.3.10
   Compiling wayland-protocols-experimental v20250721.0.1
   Compiling qoi v0.4.1
   Compiling glutin v0.32.3
   Compiling wgpu v27.0.1
   Compiling serde_spanned v1.0.4
   Compiling memoffset v0.9.1
   Compiling heck v0.5.0
   Compiling ipnet v2.11.0
   Compiling diesel_derives v2.3.6
   Compiling rustversion v1.0.22
   Compiling hyper-util v0.1.19
   Compiling dsl_auto_type v0.2.0
   Compiling toml v0.9.11+spec-1.1.0
   Compiling image v0.25.9
   Compiling mime_guess2 v2.3.1
   Compiling accesskit_unix v0.17.2
   Compiling rand_core v0.9.5
   Compiling ppv-lite86 v0.2.21
   Compiling glutin-winit v0.5.0
   Compiling scheduled-thread-pool v0.2.7
   Compiling diesel_table_macro_syntax v0.3.0
   Compiling sync_wrapper v1.0.2
   Compiling unicode-xid v0.2.6
   Compiling getrandom v0.4.1
   Compiling tower-layer v0.3.3
   Compiling heapless v0.8.0
   Compiling destructure_traitobject v0.2.0
   Compiling rand_core v0.10.0
   Compiling rustc-hash v2.1.1
   Compiling web-time v1.1.0
   Compiling ryu v1.0.22
   Compiling byteorder v1.5.0
   Compiling openssl-probe v0.2.0
   Compiling hash32 v0.3.1
   Compiling rustls-native-certs v0.8.3
   Compiling type-map v0.5.1
   Compiling unsafe-any-ors v1.0.0
   Compiling tower v0.5.3
   Compiling derive_more-impl v2.1.1
   Compiling r2d2 v0.8.10
   Compiling rand_chacha v0.9.0
   Compiling accesskit_winit v0.29.2
   Compiling arboard v3.6.1
   Compiling smithay-clipboard v0.7.3
   Compiling migrations_internals v2.3.0
   Compiling block-buffer v0.10.4
   Compiling crypto-common v0.1.7
   Compiling tokio-rustls v0.26.4
   Compiling webbrowser v1.0.6
   Compiling http-body-util v0.1.3
   Compiling ordered-float v2.10.1
   Compiling enum-map-derive v0.17.0
   Compiling aho-corasick v1.1.4
   Compiling downcast-rs v2.0.2
   Compiling regex-syntax v0.8.8
   Compiling option-ext v0.2.0
   Compiling unsafe-libyaml v0.2.11
   Compiling cpufeatures v0.3.0
   Compiling iri-string v0.7.10
   Compiling iana-time-zone v0.1.64
   Compiling chrono v0.4.43
   Compiling tower-http v0.6.8
   Compiling regex-automata v0.4.13
   Compiling serde_yaml v0.9.34+deprecated
   Compiling chacha20 v0.10.0
   Compiling dirs-sys v0.5.0
   Compiling enum-map v2.7.3
   Compiling diesel v2.3.6
   Compiling serde-value v0.7.0
   Compiling egui-winit v0.33.3
   Compiling hyper-rustls v0.27.7
   Compiling arc-swap v1.8.0
   Compiling digest v0.10.7
   Compiling migrations_macros v2.3.0
   Compiling egui_glow v0.33.3
   Compiling egui-wgpu v0.33.3
   Compiling rand v0.9.2
   Compiling derive_more v2.1.1
   Compiling typemap-ors v1.0.0
   Compiling rustls-platform-verifier v0.6.2
   Compiling csv-core v0.1.13
   Compiling thread-id v5.1.0
   Compiling encoding_rs v0.8.35
   Compiling flight_planner v1.0.23 (/app)
   Compiling cpufeatures v0.2.17
   Compiling mock_instant v0.6.0
   Compiling humantime v2.3.0
   Compiling pollster v0.4.0
   Compiling log-mdc v0.1.0
   Compiling eframe v0.33.3
   Compiling log4rs v1.4.0
   Compiling reqwest v0.13.2
   Compiling sha1 v0.10.6
   Compiling rstar v0.12.2
   Compiling csv v1.4.0
   Compiling rand v0.10.0
   Compiling egui_extras v0.33.3
   Compiling regex v1.12.2
   Compiling dirs v6.0.0
   Compiling egui-phosphor v0.11.0
   Compiling diesel_migrations v2.3.1
   Compiling console v0.16.2
   Compiling headers-core v0.3.0
   Compiling urlencoding v2.1.3
   Compiling sdd v3.0.10
   Compiling dotenv v0.15.0
   Compiling scc v2.4.0
   Compiling headers v0.4.1
   Compiling serde_regex v1.1.0
   Compiling assert-json-diff v2.0.2
   Compiling tabwriter v1.4.1
   Compiling futures-executor v0.3.31
   Compiling async-object-pool v0.2.0
   Compiling serial_test_derive v3.3.1
   Compiling path-tree v0.8.3
   Compiling futures-timer v3.0.3
   Compiling stringmetrics v2.2.2
   Compiling similar v2.7.0
   Compiling serial_test v3.3.1
   Compiling httpmock v0.8.3
    Finished `test` profile [unoptimized + debuginfo] target(s) in 4m 26s
     Running unittests src/lib.rs (target/debug/deps/flight_planner-77738cf2c306ba7a)

running 22 tests
test date_utils::tests::test_format_date_for_display_none ... ok
test date_utils::tests::test_format_date_for_display_empty ... ok
test gui::components::table_display::tests::test_header_tooltips_content ... ok
test gui::components::toast::tests::test_toast_colors_dark_mode ... ok
test gui::components::toast::tests::test_toast_colors_light_mode ... ok
test gui::components::toast::tests::test_toast_expiration ... ok
test gui::components::toast::tests::test_toast_manager_add ... ok
test gui::services::search_service::tests::test_search_service_active_searches ... ok
test models::weather::tests::json_tests::test_metar_deserialization_empty ... ok
test models::weather::tests::json_tests::test_metar_deserialization_full ... ok
test models::weather::tests::json_tests::test_metar_deserialization_invalid_type ... ok
test models::weather::tests::json_tests::test_metar_deserialization_partial ... ok
test models::weather::tests::test_flight_rules_as_str ... ok
test models::weather::tests::test_flight_rules_description ... ok
test models::weather::tests::test_flight_rules_from_str ... ok
test models::weather::tests::test_weather_error_display ... ok
test util::tests::test_contains_case_insensitive ... ok
test date_utils::tests::test_format_date_for_display_invalid_format_returns_original ... ok
test date_utils::tests::test_format_date_for_display_already_formatted ... ok
test date_utils::tests::test_format_date_for_display_valid ... ok
test util::tests::test_haversine_distance_cached_consistency ... ok
test util::tests::test_haversine_threshold_consistency ... ok

test result: ok. 22 passed; 0 failed; 0 ignored; 0 measured; 0 filtered out; finished in 0.04s

     Running unittests src/main.rs (target/debug/deps/flight_planner-0639568e1a520987)

running 0 tests

test result: ok. 0 passed; 0 failed; 0 ignored; 0 measured; 0 filtered out; finished in 0.00s

     Running tests/aircraft_tests.rs (target/debug/deps/aircraft_tests-d3f4f528174e43a0)

running 13 tests
test test_format_aircraft ... ok
test test_get_all_aircraft ... ok
test test_add_aircraft ... ok
test test_get_aircraft_by_id_parameterized ... ok
test test_get_not_flown_count ... ok
test test_import_aircraft_skips_when_not_empty ... ok
test test_import_aircraft_from_csv_file_not_found ... ok
test test_import_aircraft_from_csv_trims_whitespace ... ok
test test_import_aircraft_skips_malformed_rows ... ok
test test_random_not_flown_aircraft ... ok
test test_random_aircraft ... ok
test test_mark_all_aircraft_not_flown ... ok
test test_update_aircraft ... ok

test result: ok. 13 passed; 0 failed; 0 ignored; 0 measured; 0 filtered out; finished in 0.03s

     Running tests/airport_tests.rs (target/debug/deps/airport_tests-84508923b339c379)

running 18 tests
test test_format_airport_parameterized ... ok
test test_get_airport_by_icao ... ok
test test_get_airport_with_suitable_runway_fast_missing_data ... ok
test test_get_airport_with_suitable_runway_fast_parameterized ... ok
test test_get_airport_with_suitable_runway_fast_empty_runways ... ok
test test_get_airport_within_distance ... ok
test test_get_airports ... ok
test test_get_destination_airport_all_suitable_runways ... ok
test test_get_destination_airport ... ok
test test_get_destination_airport_no_suitable_runway ... ok
test test_get_destination_airport_within_range ... ok
test test_get_destination_airport_with_suitable_runway ... ok
test test_get_random_airport ... ok
test test_get_random_airport_empty_db ... ok
test test_get_random_airport_for_aircraft ... ok
test test_get_random_destination_airport_fast ... ok
test test_get_runways_for_airport ... ok
test test_get_destination_airport_out_of_range ... ok

test result: ok. 18 passed; 0 failed; 0 ignored; 0 measured; 0 filtered out; finished in 0.12s

     Running tests/cli_tests.rs (target/debug/deps/cli_tests-a72cfd76aee4d38c)

running 11 tests
test test_cli_invalid_input ... ok
test test_cli_history ... ok
test test_cli_get_random_aircraft ... ok
test test_cli_get_random_airport ... ok
test test_cli_list_all_aircraft ... ok
test test_cli_quit ... ok
test test_cli_mark_all_not_flown ... ok
test test_cli_random_aircraft_and_route ... ok
test test_cli_random_aircraft_random_airport ... ok
test test_cli_random_not_flown_aircraft_and_route ... ok
test test_cli_random_route_for_selected_aircraft ... ok

test result: ok. 11 passed; 0 failed; 0 ignored; 0 measured; 0 filtered out; finished in 0.02s

     Running tests/data_operations_tests.rs (target/debug/deps/data_operations_tests-1d04a8feb5442f6f)

running 8 tests
test test_calculate_statistics_empty ... ok
test test_generate_random_airports ... ok
test test_calculate_statistics_from_history ... ok
test test_add_history_entry ... ok
test test_load_history_data ... ok
test test_mark_all_aircraft_as_not_flown ... ok
test test_mark_route_as_flown ... ok
test test_toggle_aircraft_flown_status ... ok

test result: ok. 8 passed; 0 failed; 0 ignored; 0 measured; 0 filtered out; finished in 0.03s

     Running tests/database_tests.rs (target/debug/deps/database_tests-8f134e6dfcc840b7)

running 5 tests
test test_get_db_url_with_none_url ... ok
test test_get_aircraft_db_path ... ok
test test_get_db_url_with_some_url ... ok
test test_get_airport_db_path_in_app_data ... ok
test test_get_airport_db_path_shared_dir_fallback ... ok

test result: ok. 5 passed; 0 failed; 0 ignored; 0 measured; 0 filtered out; finished in 0.00s

     Running tests/date_utils_tests.rs (target/debug/deps/date_utils_tests-b2f161982051d0da)

running 2 tests
test test_format_date_for_display_parameterized ... ok
test test_get_current_date_utc ... ok

test result: ok. 2 passed; 0 failed; 0 ignored; 0 measured; 0 filtered out; finished in 0.00s

     Running tests/errors_tests.rs (target/debug/deps/errors_tests-5eb1ec8a8ed7d24f)

running 7 tests
test test_airport_search_error_display_parameterized ... ok
test test_diesel_connection_error_conversion_and_display ... ok
test test_airport_search_error_from_implementations ... ok
test test_error_display_parameterized ... ok
test test_r2d2_error_conversion ... ok
test test_error_from_implementations ... ok
test test_validation_error_display_parameterized ... ok

test result: ok. 7 passed; 0 failed; 0 ignored; 0 measured; 0 filtered out; finished in 0.00s

     Running tests/gui/main.rs (target/debug/deps/gui-cecf77351d86ea59)

running 166 tests
test routes_tests::test_cached_airports_creation ... ok
test routes_tests::test_binary_search_edge_cases ... ok
test routes_tests::test_generate_random_routes ... ok
test routes_tests::test_generate_random_routes_generic ... ok
test route_generation_correctness_test::test_route_generation_runway_correctness ... ok
test routes_tests::test_generate_routes_with_invalid_departure_icao ... ok
test routes_tests::test_generate_random_not_flown_aircraft_routes ... ok
test routes_tests::test_generate_routes_with_valid_departure_icao ... ok
test routes_tests::test_get_airport_with_suitable_runway_optimized ... ok
test routes_tests::test_get_airport_with_suitable_runway_optimized_logic ... ok
test routes_tests::test_get_airport_with_suitable_runway_optimized_no_suitable_airport ... ok
test routes_tests::test_optimized_airport_selection_consistency ... ok
test routes_tests::test_get_airport_with_suitable_runway_optimized_no_takeoff_distance ... ok
test routes_tests::test_sorted_airports_structure ... ok
test routes_tests::test_route_generation_with_fixed_departure ... ok
test routes_tests::test_parallel_route_generation_quality ... ok
test scroll_logic_tests::test_scroll_to_top_on_display_mode_change ... ok
test reset_confirm_tests::test_reset_confirm_mode_resets_on_display_mode_change ... ok
test scroll_logic_tests::test_scroll_to_top_event ... ok
test services::test_aircraft_service::tests::test_filter_items_by_icao_code ... ok
test services::test_aircraft_service::tests::test_filter_items_by_manufacturer ... ok
test services::test_aircraft_service::tests::test_filter_items_by_variant ... ok
test services::test_aircraft_service::tests::test_filter_items_case_insensitive ... ok
test services::test_aircraft_service::tests::test_filter_items_empty_query ... ok
test services::test_aircraft_service::tests::test_filter_items_multiple_matches ... ok
test services::test_aircraft_service::tests::test_filter_items_no_matches ... ok
test services::test_aircraft_service::tests::test_filter_items_partial_match ... ok
test services::test_aircraft_service::tests::test_get_display_name_empty_aircraft_list ... ok
test services::test_aircraft_service::tests::test_get_display_name_existing_aircraft ... ok
test services::test_aircraft_service::tests::test_get_display_name_multiple_aircraft ... ok
test services::test_aircraft_service::tests::test_get_display_name_nonexistent_aircraft ... ok
test services::test_aircraft_service::tests::test_transform_to_list_items ... ok
test services::test_aircraft_service::tests::test_transform_to_list_items_empty ... ok
test services::test_airport_service::tests::test_filter_items_by_icao ... ok
test services::test_airport_service::tests::test_filter_items_by_name ... ok
test services::test_airport_service::tests::test_filter_items_case_insensitive ... ok
test services::test_airport_service::tests::test_filter_items_empty_query ... ok
test services::test_airport_service::tests::test_filter_items_multiple_criteria ... ok
test services::test_airport_service::tests::test_filter_items_no_matches ... ok
test services::test_airport_service::tests::test_filter_items_partial_match ... ok
test services::test_airport_service::tests::test_get_display_name_empty_airport_list ... ok
test services::test_airport_service::tests::test_get_display_name_existing_airport ... ok
test services::test_airport_service::tests::test_get_display_name_multiple_airports ... ok
test services::test_airport_service::tests::test_get_display_name_nonexistent_airport ... ok
test services::test_airport_service::tests::test_runway_selection_empty_list ... ok
test services::test_airport_service::tests::test_runway_selection_longest ... ok
test services::test_airport_service::tests::test_transform_to_list_items ... ok
test services::test_airport_service::tests::test_transform_to_list_items_empty ... ok
test services::test_airport_service::tests::test_transform_to_list_items_with_runways ... ok
test services::test_airport_service::tests::test_transform_to_list_items_with_runways_empty ... ok
test services::test_airport_service::tests::test_transform_to_list_items_with_runways_no_runway_data ... ok
test services::test_app_service::tests::test_add_history_entry ... ok
test services::test_app_service::tests::test_aircraft_status_management ... ok
test search_integration_tests::test_clear_search_event_clears_search_service ... ok
test services::test_app_service::tests::test_app_service_getters ... ok
test services::test_app_service::tests::test_app_service_new_loads_data ... ok
test services::test_app_service::tests::test_clear_route_items ... ok
test services::test_app_service::tests::test_create_list_item_for_airport ... ok
test services::test_app_service::tests::test_database_operations_trait_coverage ... ok
test services::test_app_service::tests::test_get_random_airports ... ok
test search_integration_tests::test_search_query_changed_event_updates_search_service ... ok
test services::test_app_service::tests::test_filtering_and_sorting ... ok
test services::test_app_service::tests::test_gui_get_displayed_items ... ok
test services::test_app_service::tests::test_get_route_from_history ... ok
test search_integration_tests::test_search_functionality_end_to_end ... ok
test services::test_app_service::tests::test_get_runways_for_airport ... ok
test services::test_app_service::tests::test_mark_all_aircraft_as_not_flown ... ok
test services::test_app_service::tests::test_mark_route_as_flown_and_statistics ... ok
test services::test_app_service::tests::test_route_items_management ... ok
test services::test_app_service::tests::test_more_filtering_and_sorting ... ok
test services::test_app_service::tests::test_selection_helpers ... ok
test services::test_history_service::tests::test_combined_filter_and_sort ... ok
test services::test_app_service::tests::test_route_generation_variants ... ok
test services::test_history_service::tests::test_filter_items_by_aircraft_name ... ok
test services::test_history_service::tests::test_filter_items_by_date ... ok
test services::test_history_service::tests::test_filter_items_by_arrival_icao ... ok
test services::test_history_service::tests::test_filter_items_by_departure_icao ... ok
test services::test_history_service::tests::test_filter_items_case_insensitive ... ok
test services::test_history_service::tests::test_filter_items_empty_history ... ok
test services::test_history_service::tests::test_filter_items_empty_query ... ok
test services::test_history_service::tests::test_filter_items_no_matches ... ok
test services::test_history_service::tests::test_filter_items_partial_match ... ok
test services::test_history_service::tests::test_sort_items_empty_history ... ok
test services::test_app_service::tests::test_settings_management ... ok
test services::test_history_service::tests::test_sort_items_parameterized ... ok
test services::test_history_service::tests::test_sort_items_single_item ... ok
test services::test_history_service::tests::test_sort_items_unknown_column ... ok
test services::test_history_service::tests::test_stability_of_sort ... ok
test services::test_popup_service::tests::test_alert_management ... ok
test services::test_popup_service::tests::test_display_mode_management ... ok
test services::test_popup_service::tests::test_get_appropriate_route_mode ... ok
test services::test_popup_service::tests::test_initial_state ... ok
test services::test_popup_service::tests::test_is_route_mode_parameterized ... ok
test services::test_popup_service::tests::test_mode_flags ... ok
test services::test_popup_service::tests::test_route_selection ... ok
test services::test_popup_service::tests::test_should_switch_to_route_mode ... ok
test services::test_popup_service::tests::test_weather_state_management ... ok
test services::test_route_service::tests::test_filter_items_by_aircraft ... ok
test services::test_route_service::tests::test_filter_items_by_departure_icao ... ok
test services::test_route_service::tests::test_filter_items_by_distance ... ok
test services::test_route_service::tests::test_filter_items_by_destination_icao ... ok
test services::test_route_service::tests::test_filter_items_case_insensitive ... ok
test services::test_route_service::tests::test_filter_items_no_matches ... ok
test services::test_route_service::tests::test_sort_items_by_aircraft_ascending ... ok
test services::test_route_service::tests::test_filter_items_empty_query ... ok
test services::test_route_service::tests::test_sort_items_by_arrival_ascending ... ok
test services::test_route_service::tests::test_sort_items_by_departure_descending ... ok
test services::test_route_service::tests::test_sort_items_by_departure_ascending ... ok
test services::test_route_service::tests::test_sort_items_by_distance_ascending ... ok
test services::test_route_service::tests::test_sort_items_by_distance_descending ... ok
test services::test_route_service::tests::test_sort_items_empty_routes ... ok
test services::test_app_service::tests::test_spawn_route_generation_thread_calls_callback ... ok
test services::test_route_service::tests::test_sort_items_unknown_column ... ok
test services::test_search_service::tests::test_debouncing_logic ... ok
test services::test_search_service::tests::test_filter_items_empty_query_returns_all_items ... ok
test services::test_search_service::tests::test_filter_items_case_insensitive ... ok
test services::test_search_service::tests::test_filter_items_history_by_aircraft ... ok
test services::test_search_service::tests::test_filter_items_history_by_date ... ok
test services::test_search_service::tests::test_filter_items_history_by_icao ... ok
test services::test_search_service::tests::test_filter_items_matches_icao_codes ... ok
test services::test_search_service::tests::test_filter_items_mixed_types ... ok
test services::test_search_service::tests::test_filter_items_no_matches_returns_empty ... ok
test services::test_search_service::tests::test_filter_items_partial_matches ... ok
test services::test_search_service::tests::test_filter_items_static_prioritizes_icao_matches ... ok
test services::test_search_service::tests::test_filter_items_static_sorts_by_score ... ok
test services::test_search_service::tests::test_filter_items_with_query_filters_correctly ... ok
test services::test_search_service::tests::test_results_management ... ok
test services::test_search_service::tests::test_search_service_state_management ... ok
test services::test_search_service::tests::test_search_stability_sequential ... ok
test services::test_search_service::tests::test_spawn_search_thread_calls_callback ... ok
test services::test_validation_service::tests::test_is_valid_icao_code_parameterized ... ok
test services::test_search_service::tests::test_parallel_search_execution ... ok
test table_items_tests::tests::test_regression_gross_strauss_example ... ok
test table_items_tests::tests::test_search_score_accent_variations ... ok
test table_items_tests::tests::test_search_score_aircraft_fields ... ok
test table_items_tests::tests::test_search_score_basic_case_insensitive ... ok
test table_items_tests::tests::test_search_score_empty_and_nonmatching ... ok
test table_items_tests::tests::test_search_score_unicode_correctness ... ok
test table_items_tests::tests::test_search_score_unicode_edge_cases ... ok
test table_items_tests::tests::test_search_score_various_fields ... ok
test table_items_tests::tests::test_table_item_columns_and_data ... ok
test table_items_tests::tests::test_unicode_vs_ascii_case_handling ... ok
test ui_logic_tests::test_calculate_default_widths ... ok
test ui_logic_tests::test_dropdown_config_default ... ok
test services::test_search_service::tests::test_search_stability_parallel ... ok
test settings_tests::test_set_and_get_api_key ... ok
test services::test_services_container::test_services_new ... ok
test ui_logic_tests::test_gui_is_route_mode ... ok
test ui_logic_tests::test_gui_route_mode_helpers ... ok
test ui_logic_tests::test_gui_process_display_mode_change ... ok
test ui_logic_tests::test_searchable_dropdown_new ... ok
test ui_logic_tests::test_table_display_calculate_default_widths_into ... ok
test ui_logic_tests::test_table_display_handle_column_resize ... ok
test ui_logic_tests::test_table_display_should_load_more_routes ... ok
test ui_logic_tests::test_gui_set_all_items ... ok
test ui_logic_tests::test_gui_update_displayed_items ... ok
test ui_logic_tests::test_gui_update_filtered_items ... ok
test ui_tests::test_background_route_generation_sends_results ... ok
test ui_tests::test_background_search_sends_filtered_results ... ok
test weather_integration_tests::tests::test_problematic_airports ... ok
test weather_service_tests::test_fetch_metar_api_error ... ok
test weather_service_tests::test_fetch_metar_caching ... ok
test weather_service_tests::test_cached_flight_rules_timestamps ... ok
test weather_service_tests::test_fetch_metar_no_data ... ok
test weather_service_tests::test_fetch_metar_station_not_found ... ok
test weather_service_tests::test_fetch_metar_success ... ok

test result: ok. 166 passed; 0 failed; 0 ignored; 0 measured; 0 filtered out; finished in 1.11s

     Running tests/history_tests.rs (target/debug/deps/history_tests-c668145c3acdc0ec)

running 5 tests
test test_history_with_distance ... ok
test test_get_history ... ok
test test_add_to_history ... ok
test test_statistics_tie_breaking ... ok
test test_add_history_entry ... ok

test result: ok. 5 passed; 0 failed; 0 ignored; 0 measured; 0 filtered out; finished in 0.86s

     Running tests/lib_tests.rs (target/debug/deps/lib_tests-ff2d0471ad681148)

running 2 tests
test test_get_app_data_dir_usage_of_env_var ... ok
test test_csv_candidate_paths_includes_app_data_dir ... ok

test result: ok. 2 passed; 0 failed; 0 ignored; 0 measured; 0 filtered out; finished in 0.00s

     Running tests/main_tests.rs (target/debug/deps/main_tests-daa922b8dc4e528f)

running 3 tests
test test_read_id ... ok
test test_read_yn ... ok
test test_ask_mark_flown ... ok

test result: ok. 3 passed; 0 failed; 0 ignored; 0 measured; 0 filtered out; finished in 0.01s

     Running tests/optimization_tests.rs (target/debug/deps/optimization_tests-c677156ae5c7db2b)

running 1 test
test test_apply_database_optimizations ... ok

test result: ok. 1 passed; 0 failed; 0 ignored; 0 measured; 0 filtered out; finished in 1.65s

     Running tests/rtree_tests.rs (target/debug/deps/rtree_tests-8f40b19ecbf4e795)

running 2 tests
test test_spatial_airport_rtree ... ok
test test_empty_rtree ... ok

test result: ok. 2 passed; 0 failed; 0 ignored; 0 measured; 0 filtered out; finished in 0.00s

     Running tests/runway_tests.rs (target/debug/deps/runway_tests-8a4a6c784f973540)

running 2 tests
test test_format_runway_parameterized ... ok
test test_get_runways ... ok

test result: ok. 2 passed; 0 failed; 0 ignored; 0 measured; 0 filtered out; finished in 1.64s

     Running tests/util_tests.rs (target/debug/deps/util_tests-c00f7f2d812696b0)

running 1 test
test test_calculate_haversine_distance_nm_parameterized ... ok

test result: ok. 1 passed; 0 failed; 0 ignored; 0 measured; 0 filtered out; finished in 0.00s

   Doc-tests flight_planner

running 0 tests

test result: ok. 0 passed; 0 failed; 0 ignored; 0 measured; 0 filtered out; finished in 0.01s
